exports[`Legend has correct default options 1`] = `
<ul
  className="grommetux-list grommetux-legend"
  role="list">
  <li
    className="grommetux-box grommetux-box--direction-row grommetux-box--justify-between grommetux-box--align-center grommetux-box--responsive grommetux-box--pad-horizontal-small grommetux-box--separator-none grommetux-list-item grommetux-legend__item"
    id={undefined}
    onClick={undefined}
    onMouseOut={[Function]}
    onMouseOver={[Function]}
    role="listitem"
    style={Object {}}
    tabIndex={undefined}>
    <span
      className="grommetux-legend__item-label">
      <svg
        className="grommetux-legend__item-swatch grommetux-color-index-graph-1"
        viewBox="0 0 12 12">
        <path
          className={undefined}
          d="M 5 0 l 0 12" />
      </svg>
      North America
    </span>
    <span
      className="grommetux-legend__item-value">
      40
      <span
        className="grommetux-legend__item-units">
        B
      </span>
    </span>
  </li>
  <li
    className="grommetux-box grommetux-box--direction-row grommetux-box--justify-between grommetux-box--align-center grommetux-box--responsive grommetux-box--pad-horizontal-small grommetux-box--separator-none grommetux-list-item grommetux-legend__item"
    id={undefined}
    onClick={undefined}
    onMouseOut={[Function]}
    onMouseOver={[Function]}
    role="listitem"
    style={Object {}}
    tabIndex={undefined}>
    <span
      className="grommetux-legend__item-label">
      <svg
        className="grommetux-legend__item-swatch grommetux-color-index-accent-2"
        viewBox="0 0 12 12">
        <path
          className={undefined}
          d="M 5 0 l 0 12" />
      </svg>
      South America
    </span>
    <span
      className="grommetux-legend__item-value">
      30
      <span
        className="grommetux-legend__item-units">
        B
      </span>
    </span>
  </li>
  <li
    className="grommetux-box grommetux-box--direction-row grommetux-box--justify-between grommetux-box--align-center grommetux-box--responsive grommetux-box--pad-horizontal-small grommetux-box--separator-none grommetux-list-item grommetux-legend__item"
    id={undefined}
    onClick={undefined}
    onMouseOut={[Function]}
    onMouseOver={[Function]}
    role="listitem"
    style={Object {}}
    tabIndex={undefined}>
    <span
      className="grommetux-legend__item-label">
      <svg
        className="grommetux-legend__item-swatch grommetux-color-index-unset"
        viewBox="0 0 12 12">
        <path
          className={undefined}
          d="M 5 0 l 0 12" />
      </svg>
      Europe
    </span>
    <span
      className="grommetux-legend__item-value">
      20
      <span
        className="grommetux-legend__item-units">
        B
      </span>
    </span>
  </li>
  <li
    className="grommetux-box grommetux-box--direction-row grommetux-box--justify-between grommetux-box--align-center grommetux-box--responsive grommetux-box--pad-horizontal-small grommetux-box--separator-none grommetux-list-item grommetux-legend__item"
    id={undefined}
    onClick={undefined}
    onMouseOut={[Function]}
    onMouseOver={[Function]}
    role="listitem"
    style={Object {}}
    tabIndex={undefined}>
    <span
      className="grommetux-legend__item-label">
      <svg
        className="grommetux-legend__item-swatch grommetux-color-index-graph-2"
        viewBox="0 0 12 12">
        <path
          className={undefined}
          d="M 5 0 l 0 12" />
      </svg>
      Africa
    </span>
    <span
      className="grommetux-legend__item-value">
      10
      <span
        className="grommetux-legend__item-units">
        B
      </span>
    </span>
  </li>
  <li
    className="grommetux-box grommetux-box--direction-row grommetux-box--justify-between grommetux-box--align-center grommetux-box--responsive grommetux-box--pad-horizontal-small grommetux-box--separator-none grommetux-list-item grommetux-legend__item"
    id={undefined}
    onClick={undefined}
    onMouseOut={[Function]}
    onMouseOver={[Function]}
    role="listitem"
    style={Object {}}
    tabIndex={undefined}>
    <span
      className="grommetux-legend__item-label">
      <svg
        className="grommetux-legend__item-swatch grommetux-color-index-graph-3"
        viewBox="0 0 12 12">
        <path
          className={undefined}
          d="M 5 0 l 0 12" />
      </svg>
      Asia
    </span>
    <span
      className="grommetux-legend__item-value">
      15
      <span
        className="grommetux-legend__item-units">
        B
      </span>
    </span>
  </li>
  <li
    className="grommetux-box grommetux-box--direction-row grommetux-box--justify-between grommetux-box--align-center grommetux-box--responsive grommetux-box--pad-horizontal-small grommetux-box--separator-none grommetux-list-item grommetux-legend__item"
    id={undefined}
    onClick={undefined}
    onMouseOut={[Function]}
    onMouseOver={[Function]}
    role="listitem"
    style={Object {}}
    tabIndex={undefined}>
    <span
      className="grommetux-legend__item-label">
      <svg
        className="grommetux-legend__item-swatch grommetux-color-index-graph-4"
        viewBox="0 0 12 12">
        <path
          className={undefined}
          d="M 5 0 l 0 12" />
      </svg>
      Australia
    </span>
    <span
      className="grommetux-legend__item-value">
      10
      <span
        className="grommetux-legend__item-units">
        B
      </span>
    </span>
  </li>
</ul>
`;
