exports[`Status has correct className rendering 1`] = `
<svg
  aria-label="Unknown"
  className="grommetux-status-icon grommetux-status-icon-unknown testing"
  role="img"
  version="1.1"
  viewBox="0 0 21 20">
  <g
    className="grommetux-status-icon__base">
    <path
      d="M10.497375,0.197446809 C4.976125,0.206382979 0.5018125,4.51574468 0.4248125,9.84851064 C0.3443125, 15.3765957 4.89475,19.6825532 10.262875,19.7978723 C15.913625,19.92 20.460125,15.5174468 20.5743125, 10.2153191 C20.692,4.74170213 16.156875,0.200851064 10.497375,0.197446809 L10.497375, 0.197446809 Z M10.374875,18.6093617 C5.558,18.5459574 1.5981875,14.6910638 1.6489375, 9.90553191 C1.6996875,5.18425532 5.6791875,1.38468085 10.50875,1.39191489 C15.39125, 1.39702128 19.348875,5.25829787 19.348875,10.0195745 C19.34625,14.7565957 15.3348125, 18.6731915 10.374875,18.6093617 L10.374875,18.6093617 Z"
      id="Shape"
      xmlns="http://www.w3.org/2000/svg" />
  </g>
  <g
    className="grommetux-status-icon__detail">
    <path
      d="M10.4033125,7.72212766 C9.9658125,7.72085106 9.639, 8.00680851 9.639,8.39574468 C9.639,10.5910638 9.639,12.7880851 9.639875,14.9834043 C9.639875, 15.386383 9.944375,15.6587234 10.3919375,15.6604255 C10.8521875,15.6617021 11.15625,15.3897872 11.15625, 14.9761702 C11.157125,13.8804255 11.15625,12.786383 11.15625,11.6906383 C11.15625,10.5910638 11.157125, 9.49021277 11.15625,8.3893617 C11.1558125,8.00851064 10.8329375,7.72595745 10.4033125,7.72212766 L10.4033125, 7.72212766 Z"
      id="Shape"
      xmlns="http://www.w3.org/2000/svg" />
    <path
      d="M10.455375,4.88085106 C9.9019375,4.87744681 9.4679375, 5.28595745 9.4679375,5.80978723 C9.4679375,6.34765957 9.8870625,6.76255319 10.43175,6.76255319 C10.9781875, 6.76425532 11.4156875,6.34595745 11.4165625,5.82340426 C11.4165625,5.30851064 10.9834375,4.88297872 10.455375, 4.88085106 L10.455375,4.88085106 Z"
      id="Shape"
      xmlns="http://www.w3.org/2000/svg" />
  </g>
</svg>
`;

exports[`Status has correct default options 1`] = `
<svg
  aria-label="Unknown"
  className="grommetux-status-icon grommetux-status-icon-unknown"
  role="img"
  version="1.1"
  viewBox="0 0 21 20">
  <g
    className="grommetux-status-icon__base">
    <path
      d="M10.497375,0.197446809 C4.976125,0.206382979 0.5018125,4.51574468 0.4248125,9.84851064 C0.3443125, 15.3765957 4.89475,19.6825532 10.262875,19.7978723 C15.913625,19.92 20.460125,15.5174468 20.5743125, 10.2153191 C20.692,4.74170213 16.156875,0.200851064 10.497375,0.197446809 L10.497375, 0.197446809 Z M10.374875,18.6093617 C5.558,18.5459574 1.5981875,14.6910638 1.6489375, 9.90553191 C1.6996875,5.18425532 5.6791875,1.38468085 10.50875,1.39191489 C15.39125, 1.39702128 19.348875,5.25829787 19.348875,10.0195745 C19.34625,14.7565957 15.3348125, 18.6731915 10.374875,18.6093617 L10.374875,18.6093617 Z"
      id="Shape"
      xmlns="http://www.w3.org/2000/svg" />
  </g>
  <g
    className="grommetux-status-icon__detail">
    <path
      d="M10.4033125,7.72212766 C9.9658125,7.72085106 9.639, 8.00680851 9.639,8.39574468 C9.639,10.5910638 9.639,12.7880851 9.639875,14.9834043 C9.639875, 15.386383 9.944375,15.6587234 10.3919375,15.6604255 C10.8521875,15.6617021 11.15625,15.3897872 11.15625, 14.9761702 C11.157125,13.8804255 11.15625,12.786383 11.15625,11.6906383 C11.15625,10.5910638 11.157125, 9.49021277 11.15625,8.3893617 C11.1558125,8.00851064 10.8329375,7.72595745 10.4033125,7.72212766 L10.4033125, 7.72212766 Z"
      id="Shape"
      xmlns="http://www.w3.org/2000/svg" />
    <path
      d="M10.455375,4.88085106 C9.9019375,4.87744681 9.4679375, 5.28595745 9.4679375,5.80978723 C9.4679375,6.34765957 9.8870625,6.76255319 10.43175,6.76255319 C10.9781875, 6.76425532 11.4156875,6.34595745 11.4165625,5.82340426 C11.4165625,5.30851064 10.9834375,4.88297872 10.455375, 4.88085106 L10.455375,4.88085106 Z"
      id="Shape"
      xmlns="http://www.w3.org/2000/svg" />
  </g>
</svg>
`;

exports[`Status has correct value="blank" rendering 1`] = `
<svg
  aria-label="Blank"
  className="grommetux-status-icon grommetux-status-icon-blank"
  role="img"
  version="1.1"
  viewBox="0 0 24 24" />
`;

exports[`Status has correct value="critical" rendering 1`] = `
<svg
  aria-label="Critical"
  className="grommetux-status-icon grommetux-status-icon-critical"
  role="img"
  version="1.1"
  viewBox="0 0 20 20">
  <g
    className="grommetux-status-icon__base"
    stroke="none" />
  <g
    className="grommetux-status-icon__detail"
    fill="none">
    <g
      id="components"
      transform="translate(-97.000000, -5126.000000)"
      xmlns="http://www.w3.org/2000/svg">
      <g
        id="Group-16"
        transform="translate(83.000000, 5106.000000)">
        <g
          id="noun_650249_cc"
          transform="translate(24.500000, 30.000000) rotate(180.000000) translate(-24.500000, -30.000000) translate(14.000000, 20.000000)">
          <g
            id="error"
            transform="translate(10.858470, 10.154538) rotate(90.000000) translate(-10.858470, -10.154538) translate(1.358470, 0.154538)">
            <g
              id="Group"
              transform="translate(0.000000, 0.135497)">
              <path
                d="M9.34723273,5.7909233e-13 C4.18993106,5.7909233e-13 -2.50910404e-14, 4.18992681 -2.50910404e-14,9.34723273 C-2.50910404e-14,14.5045259 4.18993106,18.6944655 9.34723273, 18.6944655 C14.5045344,18.6944655 18.6944655,14.5045259 18.6944655,9.34723273 C18.6944655, 4.18992681 14.5045344,5.7909233e-13 9.34723273,5.7909233e-13 L9.34723273, 5.7909233e-13 Z M9.34723273,0.84974843 C14.045298,0.84974843 17.844717,4.64916485 17.844717, 9.34723273 C17.844717,11.5426566 17.0179422,13.5422937 15.6539594,15.0498413 L3.64462412, 3.0405061 C5.15217195,1.67652264 7.15181015,0.84974843 9.34723273,0.84974843 L9.34723273, 0.84974843 Z M3.04714476,3.64462412 L15.0498413,15.6473207 C13.5419177,17.0130538 11.5442356, 17.844717 9.34723273,17.844717 C4.6491674,17.844717 0.84974843,14.0453006 0.84974843, 9.34723273 C0.84974843,7.15022855 1.68141145,5.1525486 3.04714476,3.64462412 L3.04714476, 3.64462412 Z"
                id="Shape" />
            </g>
          </g>
        </g>
      </g>
    </g>
  </g>
</svg>
`;

exports[`Status has correct value="disabled" rendering 1`] = `
<svg
  aria-label="Disabled"
  className="grommetux-status-icon grommetux-status-icon-disabled"
  role="img"
  version="1.1"
  viewBox="0 0 24 24">
  <g
    className="grommetux-status-icon__base">
    <path
      d="M21,24 L3,24 C1.3,24 0,22.7 0,21 L0,3 C0,1.3 1.3,0 3,0 L21,0 C22.7,0 24,1.3 24,3 L24,21 C24,22.7 22.7,24 21,24 L21,24 Z"
      stroke="none" />
  </g>
  <g
    className="grommetux-status-icon__detail"
    strokeWidth="2">
    <path
      d="M6,12 L18,12" />
  </g>
</svg>
`;

exports[`Status has correct value="label" rendering 1`] = `
<svg
  className="grommetux-status-icon grommetux-status-icon-label"
  version="1.1"
  viewBox="0 0 24 24">
  <g
    className="grommetux-status-icon__base">
    <circle
      cx="12"
      cy="12"
      r="12"
      stroke="none" />
  </g>
</svg>
`;

exports[`Status has correct value="ok" rendering 1`] = `
<svg
  aria-label="OK"
  className="grommetux-status-icon grommetux-status-icon-ok"
  role="img"
  version="1.1"
  viewBox="0 0 20 21">
  <g
    className="grommetux-status-icon__base" />
  <g
    className="grommetux-status-icon__detail"
    strokeWidth="1">
    <g
      fill="#5EA340"
      id="components"
      transform="translate(-96.000000, -5198.000000)"
      xmlns="http://www.w3.org/2000/svg">
      <g
        id="Group-17"
        transform="translate(83.000000, 5178.000000)">
        <g
          id="success"
          transform="translate(13.000000, 20.000000)">
          <g
            id="Group">
            <g
              id="Shape"
              transform="translate(0.000000, 0.157486)">
              <path
                d="M10.0000001,0 C4.48306755,0 0,4.4277284 0,9.87654815 C0,15.325363 4.48306755, 19.7530914 10.0000001,19.7530914 C15.5169251,19.7530914 20.0000001,15.325363 20.0000001, 9.87654815 C20.0000001,4.4277284 15.5169251,2.80708241e-14 10.0000001,2.80708241e-14 L10.0000001, 0 Z M10,0.987654321 C14.976475,0.987654321 19,4.96150617 19,9.87654815 C19,14.7915852 14.976475, 18.765437 10,18.765437 C5.02350755,18.765437 1.00000005,14.7915852 1.00000005, 9.87654815 C1.00000005,4.96150617 5.02350755,0.987654321 10,0.987654321 L10, 0.987654321 Z M15.7343751,5.92592593 C15.6054001,5.9308642 15.4792501,5.98758025 15.3906251, 6.08024691 C12.9228001,8.54412346 10.6234001,11.2095852 8.20312505,13.6574123 L4.56250005, 10.7484741 C4.35797005,10.5848444 4.02504505,10.6236099 3.85937505,10.8256346 C3.69370505, 11.0276346 3.72515755,11.3564494 3.92968755,11.520079 L7.92968755,14.7067951 C8.11915755, 14.8616099 8.42746005,14.847437 8.60156255,14.6759309 C11.1761251,12.1055605 13.5650001, 9.30721481 16.1015501,6.77469136 C16.4432501,6.36207407 16.1487251,5.93002469 15.7343751, 5.92592593 L15.7343751,5.92592593 Z" />
            </g>
          </g>
        </g>
      </g>
    </g>
  </g>
</svg>
`;

exports[`Status has correct value="warning" rendering 1`] = `
<svg
  aria-label="Warning"
  className="grommetux-status-icon grommetux-status-icon-warning"
  role="img"
  version="1.1"
  viewBox="0 0 24 24">
  <g
    className="grommetux-status-icon__base">
    <path
      d="M12,0 L0,22 L24,22 L12,0 L12,0 Z"
      role="presentation"
      stroke="none" />
  </g>
  <g
    className="grommetux-status-icon__detail"
    strokeWidth="2"
    transform="translate(11.000000, 8.000000)">
    <path
      d="M1,0 L1,6"
      fill="none"
      role="presentation" />
    <path
      d="M1,8 L1,10"
      fill="none"
      role="presentation" />
  </g>
</svg>
`;
