exports[`CriticalStatus has correct className rendering 1`] = `
<svg
  aria-label="Critical"
  className="grommetux-status-icon grommetux-status-icon-critical testing"
  role="img"
  version="1.1"
  viewBox="0 0 20 20">
  <g
    className="grommetux-status-icon__base"
    stroke="none" />
  <g
    className="grommetux-status-icon__detail"
    fill="none">
    <g
      id="components"
      transform="translate(-97.000000, -5126.000000)"
      xmlns="http://www.w3.org/2000/svg">
      <g
        id="Group-16"
        transform="translate(83.000000, 5106.000000)">
        <g
          id="noun_650249_cc"
          transform="translate(24.500000, 30.000000) rotate(180.000000) translate(-24.500000, -30.000000) translate(14.000000, 20.000000)">
          <g
            id="error"
            transform="translate(10.858470, 10.154538) rotate(90.000000) translate(-10.858470, -10.154538) translate(1.358470, 0.154538)">
            <g
              id="Group"
              transform="translate(0.000000, 0.135497)">
              <path
                d="M9.34723273,5.7909233e-13 C4.18993106,5.7909233e-13 -2.50910404e-14, 4.18992681 -2.50910404e-14,9.34723273 C-2.50910404e-14,14.5045259 4.18993106,18.6944655 9.34723273, 18.6944655 C14.5045344,18.6944655 18.6944655,14.5045259 18.6944655,9.34723273 C18.6944655, 4.18992681 14.5045344,5.7909233e-13 9.34723273,5.7909233e-13 L9.34723273, 5.7909233e-13 Z M9.34723273,0.84974843 C14.045298,0.84974843 17.844717,4.64916485 17.844717, 9.34723273 C17.844717,11.5426566 17.0179422,13.5422937 15.6539594,15.0498413 L3.64462412, 3.0405061 C5.15217195,1.67652264 7.15181015,0.84974843 9.34723273,0.84974843 L9.34723273, 0.84974843 Z M3.04714476,3.64462412 L15.0498413,15.6473207 C13.5419177,17.0130538 11.5442356, 17.844717 9.34723273,17.844717 C4.6491674,17.844717 0.84974843,14.0453006 0.84974843, 9.34723273 C0.84974843,7.15022855 1.68141145,5.1525486 3.04714476,3.64462412 L3.04714476, 3.64462412 Z"
                id="Shape" />
            </g>
          </g>
        </g>
      </g>
    </g>
  </g>
</svg>
`;

exports[`CriticalStatus has correct default options 1`] = `
<svg
  aria-label="Critical"
  className="grommetux-status-icon grommetux-status-icon-critical"
  role="img"
  version="1.1"
  viewBox="0 0 20 20">
  <g
    className="grommetux-status-icon__base"
    stroke="none" />
  <g
    className="grommetux-status-icon__detail"
    fill="none">
    <g
      id="components"
      transform="translate(-97.000000, -5126.000000)"
      xmlns="http://www.w3.org/2000/svg">
      <g
        id="Group-16"
        transform="translate(83.000000, 5106.000000)">
        <g
          id="noun_650249_cc"
          transform="translate(24.500000, 30.000000) rotate(180.000000) translate(-24.500000, -30.000000) translate(14.000000, 20.000000)">
          <g
            id="error"
            transform="translate(10.858470, 10.154538) rotate(90.000000) translate(-10.858470, -10.154538) translate(1.358470, 0.154538)">
            <g
              id="Group"
              transform="translate(0.000000, 0.135497)">
              <path
                d="M9.34723273,5.7909233e-13 C4.18993106,5.7909233e-13 -2.50910404e-14, 4.18992681 -2.50910404e-14,9.34723273 C-2.50910404e-14,14.5045259 4.18993106,18.6944655 9.34723273, 18.6944655 C14.5045344,18.6944655 18.6944655,14.5045259 18.6944655,9.34723273 C18.6944655, 4.18992681 14.5045344,5.7909233e-13 9.34723273,5.7909233e-13 L9.34723273, 5.7909233e-13 Z M9.34723273,0.84974843 C14.045298,0.84974843 17.844717,4.64916485 17.844717, 9.34723273 C17.844717,11.5426566 17.0179422,13.5422937 15.6539594,15.0498413 L3.64462412, 3.0405061 C5.15217195,1.67652264 7.15181015,0.84974843 9.34723273,0.84974843 L9.34723273, 0.84974843 Z M3.04714476,3.64462412 L15.0498413,15.6473207 C13.5419177,17.0130538 11.5442356, 17.844717 9.34723273,17.844717 C4.6491674,17.844717 0.84974843,14.0453006 0.84974843, 9.34723273 C0.84974843,7.15022855 1.68141145,5.1525486 3.04714476,3.64462412 L3.04714476, 3.64462412 Z"
                id="Shape" />
            </g>
          </g>
        </g>
      </g>
    </g>
  </g>
</svg>
`;
