exports[`OK has correct className rendering 1`] = `
<svg
  aria-label="OK"
  className="grommetux-status-icon grommetux-status-icon-ok testing"
  role="img"
  version="1.1"
  viewBox="0 0 20 21">
  <g
    className="grommetux-status-icon__base" />
  <g
    className="grommetux-status-icon__detail"
    strokeWidth="1">
    <g
      fill="#5EA340"
      id="components"
      transform="translate(-96.000000, -5198.000000)"
      xmlns="http://www.w3.org/2000/svg">
      <g
        id="Group-17"
        transform="translate(83.000000, 5178.000000)">
        <g
          id="success"
          transform="translate(13.000000, 20.000000)">
          <g
            id="Group">
            <g
              id="Shape"
              transform="translate(0.000000, 0.157486)">
              <path
                d="M10.0000001,0 C4.48306755,0 0,4.4277284 0,9.87654815 C0,15.325363 4.48306755, 19.7530914 10.0000001,19.7530914 C15.5169251,19.7530914 20.0000001,15.325363 20.0000001, 9.87654815 C20.0000001,4.4277284 15.5169251,2.80708241e-14 10.0000001,2.80708241e-14 L10.0000001, 0 Z M10,0.987654321 C14.976475,0.987654321 19,4.96150617 19,9.87654815 C19,14.7915852 14.976475, 18.765437 10,18.765437 C5.02350755,18.765437 1.00000005,14.7915852 1.00000005, 9.87654815 C1.00000005,4.96150617 5.02350755,0.987654321 10,0.987654321 L10, 0.987654321 Z M15.7343751,5.92592593 C15.6054001,5.9308642 15.4792501,5.98758025 15.3906251, 6.08024691 C12.9228001,8.54412346 10.6234001,11.2095852 8.20312505,13.6574123 L4.56250005, 10.7484741 C4.35797005,10.5848444 4.02504505,10.6236099 3.85937505,10.8256346 C3.69370505, 11.0276346 3.72515755,11.3564494 3.92968755,11.520079 L7.92968755,14.7067951 C8.11915755, 14.8616099 8.42746005,14.847437 8.60156255,14.6759309 C11.1761251,12.1055605 13.5650001, 9.30721481 16.1015501,6.77469136 C16.4432501,6.36207407 16.1487251,5.93002469 15.7343751, 5.92592593 L15.7343751,5.92592593 Z" />
            </g>
          </g>
        </g>
      </g>
    </g>
  </g>
</svg>
`;

exports[`OK has correct default options 1`] = `
<svg
  aria-label="OK"
  className="grommetux-status-icon grommetux-status-icon-ok"
  role="img"
  version="1.1"
  viewBox="0 0 20 21">
  <g
    className="grommetux-status-icon__base" />
  <g
    className="grommetux-status-icon__detail"
    strokeWidth="1">
    <g
      fill="#5EA340"
      id="components"
      transform="translate(-96.000000, -5198.000000)"
      xmlns="http://www.w3.org/2000/svg">
      <g
        id="Group-17"
        transform="translate(83.000000, 5178.000000)">
        <g
          id="success"
          transform="translate(13.000000, 20.000000)">
          <g
            id="Group">
            <g
              id="Shape"
              transform="translate(0.000000, 0.157486)">
              <path
                d="M10.0000001,0 C4.48306755,0 0,4.4277284 0,9.87654815 C0,15.325363 4.48306755, 19.7530914 10.0000001,19.7530914 C15.5169251,19.7530914 20.0000001,15.325363 20.0000001, 9.87654815 C20.0000001,4.4277284 15.5169251,2.80708241e-14 10.0000001,2.80708241e-14 L10.0000001, 0 Z M10,0.987654321 C14.976475,0.987654321 19,4.96150617 19,9.87654815 C19,14.7915852 14.976475, 18.765437 10,18.765437 C5.02350755,18.765437 1.00000005,14.7915852 1.00000005, 9.87654815 C1.00000005,4.96150617 5.02350755,0.987654321 10,0.987654321 L10, 0.987654321 Z M15.7343751,5.92592593 C15.6054001,5.9308642 15.4792501,5.98758025 15.3906251, 6.08024691 C12.9228001,8.54412346 10.6234001,11.2095852 8.20312505,13.6574123 L4.56250005, 10.7484741 C4.35797005,10.5848444 4.02504505,10.6236099 3.85937505,10.8256346 C3.69370505, 11.0276346 3.72515755,11.3564494 3.92968755,11.520079 L7.92968755,14.7067951 C8.11915755, 14.8616099 8.42746005,14.847437 8.60156255,14.6759309 C11.1761251,12.1055605 13.5650001, 9.30721481 16.1015501,6.77469136 C16.4432501,6.36207407 16.1487251,5.93002469 15.7343751, 5.92592593 L15.7343751,5.92592593 Z" />
            </g>
          </g>
        </g>
      </g>
    </g>
  </g>
</svg>
`;
